###############################################################################
#
# IAR ELF Linker V7.80.2.11947/W32 for ARM                05/Dec/2016  12:38:21
# Copyright 2007-2016 IAR Systems AB.
#
#    Output file  =  
#        C:\Users\Patrick\Desktop\UW_WorkSpace\Lab_Wk8\Debug\Exe\Lab_Wk8.out
#    Map file     =  
#        C:\Users\Patrick\Desktop\UW_WorkSpace\Lab_Wk8\Debug\List\Lab_Wk8.map
#    Command line =  
#        C:\Users\Patrick\Desktop\UW_WorkSpace\Lab_Wk8\Debug\Obj\hw_init.o
#        C:\Users\Patrick\Desktop\UW_WorkSpace\Lab_Wk8\Debug\Obj\main.o
#        C:\Users\Patrick\Desktop\UW_WorkSpace\Lab_Wk8\Debug\Obj\misc.o
#        C:\Users\Patrick\Desktop\UW_WorkSpace\Lab_Wk8\Debug\Obj\startup_stm32f401xx.o
#        C:\Users\Patrick\Desktop\UW_WorkSpace\Lab_Wk8\Debug\Obj\stm32f4xx_adc.o
#        C:\Users\Patrick\Desktop\UW_WorkSpace\Lab_Wk8\Debug\Obj\stm32f4xx_can.o
#        C:\Users\Patrick\Desktop\UW_WorkSpace\Lab_Wk8\Debug\Obj\stm32f4xx_cec.o
#        C:\Users\Patrick\Desktop\UW_WorkSpace\Lab_Wk8\Debug\Obj\stm32f4xx_crc.o
#        C:\Users\Patrick\Desktop\UW_WorkSpace\Lab_Wk8\Debug\Obj\stm32f4xx_cryp.o
#        C:\Users\Patrick\Desktop\UW_WorkSpace\Lab_Wk8\Debug\Obj\stm32f4xx_cryp_aes.o
#        C:\Users\Patrick\Desktop\UW_WorkSpace\Lab_Wk8\Debug\Obj\stm32f4xx_cryp_des.o
#        C:\Users\Patrick\Desktop\UW_WorkSpace\Lab_Wk8\Debug\Obj\stm32f4xx_cryp_tdes.o
#        C:\Users\Patrick\Desktop\UW_WorkSpace\Lab_Wk8\Debug\Obj\stm32f4xx_dac.o
#        C:\Users\Patrick\Desktop\UW_WorkSpace\Lab_Wk8\Debug\Obj\stm32f4xx_dbgmcu.o
#        C:\Users\Patrick\Desktop\UW_WorkSpace\Lab_Wk8\Debug\Obj\stm32f4xx_dcmi.o
#        C:\Users\Patrick\Desktop\UW_WorkSpace\Lab_Wk8\Debug\Obj\stm32f4xx_dma.o
#        C:\Users\Patrick\Desktop\UW_WorkSpace\Lab_Wk8\Debug\Obj\stm32f4xx_dma2d.o
#        C:\Users\Patrick\Desktop\UW_WorkSpace\Lab_Wk8\Debug\Obj\stm32f4xx_dsi.o
#        C:\Users\Patrick\Desktop\UW_WorkSpace\Lab_Wk8\Debug\Obj\stm32f4xx_exti.o
#        C:\Users\Patrick\Desktop\UW_WorkSpace\Lab_Wk8\Debug\Obj\stm32f4xx_flash.o
#        C:\Users\Patrick\Desktop\UW_WorkSpace\Lab_Wk8\Debug\Obj\stm32f4xx_flash_ramfunc.o
#        C:\Users\Patrick\Desktop\UW_WorkSpace\Lab_Wk8\Debug\Obj\stm32f4xx_fmpi2c.o
#        C:\Users\Patrick\Desktop\UW_WorkSpace\Lab_Wk8\Debug\Obj\stm32f4xx_gpio.o
#        C:\Users\Patrick\Desktop\UW_WorkSpace\Lab_Wk8\Debug\Obj\stm32f4xx_hash.o
#        C:\Users\Patrick\Desktop\UW_WorkSpace\Lab_Wk8\Debug\Obj\stm32f4xx_hash_md5.o
#        C:\Users\Patrick\Desktop\UW_WorkSpace\Lab_Wk8\Debug\Obj\stm32f4xx_hash_sha1.o
#        C:\Users\Patrick\Desktop\UW_WorkSpace\Lab_Wk8\Debug\Obj\stm32f4xx_i2c.o
#        C:\Users\Patrick\Desktop\UW_WorkSpace\Lab_Wk8\Debug\Obj\stm32f4xx_it.o
#        C:\Users\Patrick\Desktop\UW_WorkSpace\Lab_Wk8\Debug\Obj\stm32f4xx_iwdg.o
#        C:\Users\Patrick\Desktop\UW_WorkSpace\Lab_Wk8\Debug\Obj\stm32f4xx_lptim.o
#        C:\Users\Patrick\Desktop\UW_WorkSpace\Lab_Wk8\Debug\Obj\stm32f4xx_ltdc.o
#        C:\Users\Patrick\Desktop\UW_WorkSpace\Lab_Wk8\Debug\Obj\stm32f4xx_pwr.o
#        C:\Users\Patrick\Desktop\UW_WorkSpace\Lab_Wk8\Debug\Obj\stm32f4xx_qspi.o
#        C:\Users\Patrick\Desktop\UW_WorkSpace\Lab_Wk8\Debug\Obj\stm32f4xx_rcc.o
#        C:\Users\Patrick\Desktop\UW_WorkSpace\Lab_Wk8\Debug\Obj\stm32f4xx_rng.o
#        C:\Users\Patrick\Desktop\UW_WorkSpace\Lab_Wk8\Debug\Obj\stm32f4xx_rtc.o
#        C:\Users\Patrick\Desktop\UW_WorkSpace\Lab_Wk8\Debug\Obj\stm32f4xx_sai.o
#        C:\Users\Patrick\Desktop\UW_WorkSpace\Lab_Wk8\Debug\Obj\stm32f4xx_sdio.o
#        C:\Users\Patrick\Desktop\UW_WorkSpace\Lab_Wk8\Debug\Obj\stm32f4xx_spdifrx.o
#        C:\Users\Patrick\Desktop\UW_WorkSpace\Lab_Wk8\Debug\Obj\stm32f4xx_spi.o
#        C:\Users\Patrick\Desktop\UW_WorkSpace\Lab_Wk8\Debug\Obj\stm32f4xx_syscfg.o
#        C:\Users\Patrick\Desktop\UW_WorkSpace\Lab_Wk8\Debug\Obj\stm32f4xx_tim.o
#        C:\Users\Patrick\Desktop\UW_WorkSpace\Lab_Wk8\Debug\Obj\stm32f4xx_usart.o
#        C:\Users\Patrick\Desktop\UW_WorkSpace\Lab_Wk8\Debug\Obj\stm32f4xx_wwdg.o
#        C:\Users\Patrick\Desktop\UW_WorkSpace\Lab_Wk8\Debug\Obj\system_stm32f4xx.o
#        -o C:\Users\Patrick\Desktop\UW_WorkSpace\Lab_Wk8\Debug\Exe\Lab_Wk8.out
#        --redirect _Printf=_PrintfFull --redirect _Scanf=_ScanfFull --map
#        C:\Users\Patrick\Desktop\UW_WorkSpace\Lab_Wk8\Debug\List\Lab_Wk8.map
#        --config "C:\Program Files (x86)\IAR Systems\Embedded Workbench
#        7.5\arm\config\linker\ST\stm32f401xE.icf" --semihosting --entry
#        __iar_program_start --vfe
#
###############################################################################

*******************************************************************************
*** RUNTIME MODEL ATTRIBUTES
***

CppFlavor       = *
__SystemLibrary = DLib


*******************************************************************************
*** PLACEMENT SUMMARY
***

"A0":  place at 0x08000000 { ro section .intvec };
"P1":  place in [from 0x08000000 to 0x0807ffff] { ro };
"P2":  place in [from 0x20000000 to 0x20017fff] { rw, block CSTACK, block HEAP };
initialize by copy { rw };

  Section            Kind        Address    Size  Object
  -------            ----        -------    ----  ------
"A0":                                      0x194
  .intvec            ro code  0x08000000   0x194  startup_stm32f401xx.o [1]
                            - 0x08000194   0x194

"P1":                                      0x954
  .text              ro code  0x08000194   0x1e4  hw_init.o [1]
  .text              ro code  0x08000378    0x48  stm32f4xx_rcc.o [1]
  .text              ro code  0x080003c0    0xfe  stm32f4xx_gpio.o [1]
  .text              ro code  0x080004c0    0x54  stm32f4xx_syscfg.o [1]
  .text              ro code  0x08000514    0xb8  stm32f4xx_exti.o [1]
  .text              ro code  0x080005cc    0x80  misc.o [1]
  .text              ro code  0x0800064c   0x150  system_stm32f4xx.o [1]
  .text              ro code  0x0800079c   0x134  stm32f4xx_it.o [1]
  .text              ro code  0x080008d0    0x46  main.o [1]
  .text              ro code  0x08000916    0x2c  copy_init3.o [5]
  .text              ro code  0x08000944    0x28  data_init.o [5]
  .text              ro code  0x0800096c    0x22  fpinit_M.o [4]
  .iar.init_table    const    0x08000990    0x14  - Linker created -
  .text              ro code  0x080009a4    0x1a  cmain.o [5]
  .text              ro code  0x080009be     0x4  low_level_init.o [3]
  .text              ro code  0x080009c2     0x4  exit.o [3]
  .text              ro code  0x080009c8     0xa  cexit.o [5]
  .text              ro code  0x080009d4    0x14  exit.o [6]
  .text              ro code  0x080009e8    0x10  startup_stm32f401xx.o [1]
  .text              ro code  0x080009f8     0xc  cstartup_M.o [5]
  Initializer bytes  const    0x08000a04     0x8  <for P2-1>
  .text              ro code  0x08000a0c     0x4  startup_stm32f401xx.o [1]
  .text              ro code  0x08000a10     0x4  startup_stm32f401xx.o [1]
  .text              ro code  0x08000a14     0x4  startup_stm32f401xx.o [1]
  .text              ro code  0x08000a18     0x4  startup_stm32f401xx.o [1]
  .text              ro code  0x08000a1c     0x4  startup_stm32f401xx.o [1]
  .text              ro code  0x08000a20     0x4  startup_stm32f401xx.o [1]
  .text              ro code  0x08000a24     0x4  startup_stm32f401xx.o [1]
  .text              ro code  0x08000a28     0x4  startup_stm32f401xx.o [1]
  .text              ro code  0x08000a2c     0x4  startup_stm32f401xx.o [1]
  .text              ro code  0x08000a30     0x4  startup_stm32f401xx.o [1]
  .text              ro code  0x08000a34     0x4  startup_stm32f401xx.o [1]
  .text              ro code  0x08000a38     0x4  startup_stm32f401xx.o [1]
  .text              ro code  0x08000a3c     0x4  startup_stm32f401xx.o [1]
  .text              ro code  0x08000a40     0x4  startup_stm32f401xx.o [1]
  .text              ro code  0x08000a44     0x4  startup_stm32f401xx.o [1]
  .text              ro code  0x08000a48     0x4  startup_stm32f401xx.o [1]
  .text              ro code  0x08000a4c     0x4  startup_stm32f401xx.o [1]
  .text              ro code  0x08000a50     0x4  startup_stm32f401xx.o [1]
  .text              ro code  0x08000a54     0x4  startup_stm32f401xx.o [1]
  .text              ro code  0x08000a58     0x4  startup_stm32f401xx.o [1]
  .text              ro code  0x08000a5c     0x4  startup_stm32f401xx.o [1]
  .text              ro code  0x08000a60     0x4  startup_stm32f401xx.o [1]
  .text              ro code  0x08000a64     0x4  startup_stm32f401xx.o [1]
  .text              ro code  0x08000a68     0x4  startup_stm32f401xx.o [1]
  .text              ro code  0x08000a6c     0x4  startup_stm32f401xx.o [1]
  .text              ro code  0x08000a70     0x4  startup_stm32f401xx.o [1]
  .text              ro code  0x08000a74     0x4  startup_stm32f401xx.o [1]
  .text              ro code  0x08000a78     0x4  startup_stm32f401xx.o [1]
  .text              ro code  0x08000a7c     0x4  startup_stm32f401xx.o [1]
  .text              ro code  0x08000a80     0x4  startup_stm32f401xx.o [1]
  .text              ro code  0x08000a84     0x4  startup_stm32f401xx.o [1]
  .text              ro code  0x08000a88     0x4  startup_stm32f401xx.o [1]
  .text              ro code  0x08000a8c     0x4  startup_stm32f401xx.o [1]
  .text              ro code  0x08000a90     0x4  startup_stm32f401xx.o [1]
  .text              ro code  0x08000a94     0x4  startup_stm32f401xx.o [1]
  .text              ro code  0x08000a98     0x4  startup_stm32f401xx.o [1]
  .text              ro code  0x08000a9c     0x4  startup_stm32f401xx.o [1]
  .text              ro code  0x08000aa0     0x4  startup_stm32f401xx.o [1]
  .text              ro code  0x08000aa4     0x4  startup_stm32f401xx.o [1]
  .text              ro code  0x08000aa8     0x4  startup_stm32f401xx.o [1]
  .text              ro code  0x08000aac     0x4  startup_stm32f401xx.o [1]
  .text              ro code  0x08000ab0     0x4  startup_stm32f401xx.o [1]
  .text              ro code  0x08000ab4     0x4  startup_stm32f401xx.o [1]
  .text              ro code  0x08000ab8     0x4  startup_stm32f401xx.o [1]
  .text              ro code  0x08000abc     0x4  startup_stm32f401xx.o [1]
  .text              ro code  0x08000ac0     0x4  startup_stm32f401xx.o [1]
  .text              ro code  0x08000ac4     0x4  startup_stm32f401xx.o [1]
  .text              ro code  0x08000ac8     0x4  startup_stm32f401xx.o [1]
  .text              ro code  0x08000acc     0x4  startup_stm32f401xx.o [1]
  .text              ro code  0x08000ad0     0x4  startup_stm32f401xx.o [1]
  .text              ro code  0x08000ad4     0x4  startup_stm32f401xx.o [1]
  .text              ro code  0x08000ad8     0x4  startup_stm32f401xx.o [1]
  .text              ro code  0x08000adc     0x4  startup_stm32f401xx.o [1]
  .text              ro code  0x08000ae0     0x4  startup_stm32f401xx.o [1]
  .text              ro code  0x08000ae4     0x4  startup_stm32f401xx.o [1]
  .rodata            const    0x08000ae8     0x0  copy_init3.o [5]
                            - 0x08000ae8   0x954

"P2", part 1 of 2:                           0x8
  P2-1                        0x20000000     0x6  <Init block>
    .data            inited   0x20000000     0x4  system_stm32f4xx.o [1]
    .bss             inited   0x20000004     0x1  main.o [1]
    .bss             inited   0x20000005     0x1  main.o [1]
                            - 0x20000006     0x6

"P2", part 2 of 2:                        0x2000
  CSTACK                      0x20000008  0x2000  <Block>
    CSTACK           uninit   0x20000008  0x2000  <Block tail>
                            - 0x20002008  0x2000


*******************************************************************************
*** INIT TABLE
***

          Address     Size
          -------     ----
Copy (__iar_copy_init3)
    1 source range, total size 0x8 (133% of destination):
          0x08000a04   0x8
    1 destination range, total size 0x6:
          0x20000000   0x6



*******************************************************************************
*** MODULE SUMMARY
***

    Module                 ro code  ro data  rw data
    ------                 -------  -------  -------
C:\Users\Patrick\Desktop\UW_WorkSpace\Lab_Wk8\Debug\Obj: [1]
    hw_init.o                  484
    main.o                      70        2        2
    misc.o                     128
    startup_stm32f401xx.o      640
    stm32f4xx_exti.o           184
    stm32f4xx_gpio.o           254
    stm32f4xx_it.o             308
    stm32f4xx_rcc.o             72
    stm32f4xx_syscfg.o          84
    system_stm32f4xx.o         336        4        4
    ------------------------------------------------
    Total:                   2 560        6        6

command line: [2]
    ------------------------------------------------
    Total:

dl7M_tln.a: [3]
    exit.o                       4
    low_level_init.o             4
    ------------------------------------------------
    Total:                       8

m7M_tls.a: [4]
    fpinit_M.o                  34
    ------------------------------------------------
    Total:                      34

rt7M_tl.a: [5]
    cexit.o                     10
    cmain.o                     26
    copy_init3.o                44
    cstartup_M.o                12
    data_init.o                 40
    ------------------------------------------------
    Total:                     132

shb_l.a: [6]
    exit.o                      20
    ------------------------------------------------
    Total:                      20

    Gaps                         8        2
    Linker created                       22    8 192
----------------------------------------------------
    Grand Total:             2 762       30    8 198


*******************************************************************************
*** ENTRY LIST
***

Entry                      Address  Size  Type      Object
-----                      -------  ----  ----      ------
.iar.init_table$$Base   0x08000990         --   Gb  - Linker created -
.iar.init_table$$Limit  0x080009a4         --   Gb  - Linker created -
?main                   0x080009a5        Code  Gb  cmain.o [5]
BusFault_Handler        0x08000819   0x2  Code  Gb  stm32f4xx_it.o [1]
CSTACK$$Base            0x20000008         --   Gb  - Linker created -
CSTACK$$Limit           0x20002008         --   Gb  - Linker created -
DebugMon_Handler        0x0800081f   0x2  Code  Gb  stm32f4xx_it.o [1]
EXTI15_10_IRQHandler    0x08000837  0x84  Code  Gb  stm32f4xx_it.o [1]
EXTI_ClearITPendingBit  0x080005b1   0x6  Code  Gb  stm32f4xx_exti.o [1]
EXTI_GetITStatus        0x0800059b  0x16  Code  Gb  stm32f4xx_exti.o [1]
EXTI_Init               0x08000515  0x86  Code  Gb  stm32f4xx_exti.o [1]
GPIO_Init               0x080003c1  0xa4  Code  Gb  stm32f4xx_gpio.o [1]
GPIO_PinAFConfig        0x0800046f  0x50  Code  Gb  stm32f4xx_gpio.o [1]
GPIO_ToggleBits         0x08000465   0xa  Code  Gb  stm32f4xx_gpio.o [1]
HardFault_Handler       0x08000815   0x2  Code  Gb  stm32f4xx_it.o [1]
Hw_init                 0x08000223  0x20  Code  Gb  hw_init.o [1]
MemManage_Handler       0x08000817   0x2  Code  Gb  stm32f4xx_it.o [1]
NMI_Handler             0x08000813   0x2  Code  Gb  stm32f4xx_it.o [1]
NVIC_EncodePriority     0x080001b7  0x3e  Code  Lc  hw_init.o [1]
NVIC_EncodePriority     0x080007d5  0x3e  Code  Lc  stm32f4xx_it.o [1]
NVIC_GetActive          0x0800079d  0x16  Code  Lc  stm32f4xx_it.o [1]
NVIC_Init               0x080005d7  0x60  Code  Gb  misc.o [1]
NVIC_PriorityGroupConfig
                        0x080005cd   0xa  Code  Gb  misc.o [1]
NVIC_SetPriority        0x08000195  0x22  Code  Lc  hw_init.o [1]
NVIC_SetPriority        0x080007b3  0x22  Code  Lc  stm32f4xx_it.o [1]
PendSV_Handler          0x08000821   0x2  Code  Gb  stm32f4xx_it.o [1]
Preempt_Occurred        0x20000004   0x1  Data  Gb  main.o [1]
Preempt_Priority        0x20000005   0x1  Data  Gb  main.o [1]
RCC_AHB1PeriphClockCmd  0x08000379  0x20  Code  Gb  stm32f4xx_rcc.o [1]
RCC_APB2PeriphClockCmd  0x08000399  0x20  Code  Gb  stm32f4xx_rcc.o [1]
Region$$Table$$Base     0x08000990         --   Gb  - Linker created -
Region$$Table$$Limit    0x080009a4         --   Gb  - Linker created -
SVC_Handler             0x0800081d   0x2  Code  Gb  stm32f4xx_it.o [1]
SYSCFG_EXTILineConfig   0x080004c1  0x4e  Code  Gb  stm32f4xx_syscfg.o [1]
SetSysClock             0x0800069f  0xca  Code  Lc  system_stm32f4xx.o [1]
SysTick_Config          0x080001f5  0x2e  Code  Lc  hw_init.o [1]
SysTick_Handler         0x08000823  0x14  Code  Gb  stm32f4xx_it.o [1]
SystemCoreClock         0x20000000   0x4  Data  Gb  system_stm32f4xx.o [1]
SystemInit              0x0800064d  0x52  Code  Gb  system_stm32f4xx.o [1]
UsageFault_Handler      0x0800081b   0x2  Code  Gb  stm32f4xx_it.o [1]
__cmain                 0x080009a5        Code  Gb  cmain.o [5]
__exit                  0x080009d5  0x14  Code  Gb  exit.o [6]
__iar_copy_init3        0x08000917  0x2c  Code  Gb  copy_init3.o [5]
__iar_data_init3        0x08000945  0x28  Code  Gb  data_init.o [5]
__iar_init_vfp          0x0800096d        Code  Gb  fpinit_M.o [4]
__iar_program_start     0x080009f9        Code  Gb  cstartup_M.o [5]
__low_level_init        0x080009bf   0x4  Code  Gb  low_level_init.o [3]
__vector_table          0x08000000        Data  Gb  startup_stm32f401xx.o [1]
_call_main              0x080009b1        Code  Gb  cmain.o [5]
_exit                   0x080009c9        Code  Gb  cexit.o [5]
_main                   0x080009bb        Code  Gb  cmain.o [5]
delay                   0x0800090d   0xa  Code  Gb  main.o [1]
exit                    0x080009c3   0x4  Code  Gb  exit.o [3]
hw_exti_init            0x080002cd  0x36  Code  Gb  hw_init.o [1]
hw_gpio_init            0x08000243  0x8a  Code  Gb  hw_init.o [1]
hw_nvic_init            0x08000303  0x50  Code  Gb  hw_init.o [1]
main                    0x080008d1  0x30  Code  Gb  main.o [1]


[1] = C:\Users\Patrick\Desktop\UW_WorkSpace\Lab_Wk8\Debug\Obj
[2] = command line
[3] = dl7M_tln.a
[4] = m7M_tls.a
[5] = rt7M_tl.a
[6] = shb_l.a

  2 762 bytes of readonly  code memory
     30 bytes of readonly  data memory
  8 198 bytes of readwrite data memory

Errors: none
Warnings: none
