###############################################################################
#
# IAR ELF Linker V7.80.2.11947/W32 for ARM                12/Dec/2016  13:13:39
# Copyright 2007-2016 IAR Systems AB.
#
#    Output file  =  
#        C:\Users\Patrick\Desktop\UW_WorkSpace\Lab_Wk9\Debug\Exe\Lab_Wk9.out
#    Map file     =  
#        C:\Users\Patrick\Desktop\UW_WorkSpace\Lab_Wk9\Debug\List\Lab_Wk9.map
#    Command line =  
#        C:\Users\Patrick\Desktop\UW_WorkSpace\Lab_Wk9\Debug\Obj\hw_init.o
#        C:\Users\Patrick\Desktop\UW_WorkSpace\Lab_Wk9\Debug\Obj\main.o
#        C:\Users\Patrick\Desktop\UW_WorkSpace\Lab_Wk9\Debug\Obj\misc.o
#        C:\Users\Patrick\Desktop\UW_WorkSpace\Lab_Wk9\Debug\Obj\startup_stm32f401xx.o
#        C:\Users\Patrick\Desktop\UW_WorkSpace\Lab_Wk9\Debug\Obj\stm32f4xx_adc.o
#        C:\Users\Patrick\Desktop\UW_WorkSpace\Lab_Wk9\Debug\Obj\stm32f4xx_can.o
#        C:\Users\Patrick\Desktop\UW_WorkSpace\Lab_Wk9\Debug\Obj\stm32f4xx_cec.o
#        C:\Users\Patrick\Desktop\UW_WorkSpace\Lab_Wk9\Debug\Obj\stm32f4xx_crc.o
#        C:\Users\Patrick\Desktop\UW_WorkSpace\Lab_Wk9\Debug\Obj\stm32f4xx_cryp.o
#        C:\Users\Patrick\Desktop\UW_WorkSpace\Lab_Wk9\Debug\Obj\stm32f4xx_cryp_aes.o
#        C:\Users\Patrick\Desktop\UW_WorkSpace\Lab_Wk9\Debug\Obj\stm32f4xx_cryp_des.o
#        C:\Users\Patrick\Desktop\UW_WorkSpace\Lab_Wk9\Debug\Obj\stm32f4xx_cryp_tdes.o
#        C:\Users\Patrick\Desktop\UW_WorkSpace\Lab_Wk9\Debug\Obj\stm32f4xx_dac.o
#        C:\Users\Patrick\Desktop\UW_WorkSpace\Lab_Wk9\Debug\Obj\stm32f4xx_dbgmcu.o
#        C:\Users\Patrick\Desktop\UW_WorkSpace\Lab_Wk9\Debug\Obj\stm32f4xx_dcmi.o
#        C:\Users\Patrick\Desktop\UW_WorkSpace\Lab_Wk9\Debug\Obj\stm32f4xx_dma.o
#        C:\Users\Patrick\Desktop\UW_WorkSpace\Lab_Wk9\Debug\Obj\stm32f4xx_dma2d.o
#        C:\Users\Patrick\Desktop\UW_WorkSpace\Lab_Wk9\Debug\Obj\stm32f4xx_dsi.o
#        C:\Users\Patrick\Desktop\UW_WorkSpace\Lab_Wk9\Debug\Obj\stm32f4xx_exti.o
#        C:\Users\Patrick\Desktop\UW_WorkSpace\Lab_Wk9\Debug\Obj\stm32f4xx_flash.o
#        C:\Users\Patrick\Desktop\UW_WorkSpace\Lab_Wk9\Debug\Obj\stm32f4xx_flash_ramfunc.o
#        C:\Users\Patrick\Desktop\UW_WorkSpace\Lab_Wk9\Debug\Obj\stm32f4xx_fmpi2c.o
#        C:\Users\Patrick\Desktop\UW_WorkSpace\Lab_Wk9\Debug\Obj\stm32f4xx_gpio.o
#        C:\Users\Patrick\Desktop\UW_WorkSpace\Lab_Wk9\Debug\Obj\stm32f4xx_hash.o
#        C:\Users\Patrick\Desktop\UW_WorkSpace\Lab_Wk9\Debug\Obj\stm32f4xx_hash_md5.o
#        C:\Users\Patrick\Desktop\UW_WorkSpace\Lab_Wk9\Debug\Obj\stm32f4xx_hash_sha1.o
#        C:\Users\Patrick\Desktop\UW_WorkSpace\Lab_Wk9\Debug\Obj\stm32f4xx_i2c.o
#        C:\Users\Patrick\Desktop\UW_WorkSpace\Lab_Wk9\Debug\Obj\stm32f4xx_it.o
#        C:\Users\Patrick\Desktop\UW_WorkSpace\Lab_Wk9\Debug\Obj\stm32f4xx_iwdg.o
#        C:\Users\Patrick\Desktop\UW_WorkSpace\Lab_Wk9\Debug\Obj\stm32f4xx_lptim.o
#        C:\Users\Patrick\Desktop\UW_WorkSpace\Lab_Wk9\Debug\Obj\stm32f4xx_ltdc.o
#        C:\Users\Patrick\Desktop\UW_WorkSpace\Lab_Wk9\Debug\Obj\stm32f4xx_pwr.o
#        C:\Users\Patrick\Desktop\UW_WorkSpace\Lab_Wk9\Debug\Obj\stm32f4xx_qspi.o
#        C:\Users\Patrick\Desktop\UW_WorkSpace\Lab_Wk9\Debug\Obj\stm32f4xx_rcc.o
#        C:\Users\Patrick\Desktop\UW_WorkSpace\Lab_Wk9\Debug\Obj\stm32f4xx_rng.o
#        C:\Users\Patrick\Desktop\UW_WorkSpace\Lab_Wk9\Debug\Obj\stm32f4xx_rtc.o
#        C:\Users\Patrick\Desktop\UW_WorkSpace\Lab_Wk9\Debug\Obj\stm32f4xx_sai.o
#        C:\Users\Patrick\Desktop\UW_WorkSpace\Lab_Wk9\Debug\Obj\stm32f4xx_sdio.o
#        C:\Users\Patrick\Desktop\UW_WorkSpace\Lab_Wk9\Debug\Obj\stm32f4xx_spdifrx.o
#        C:\Users\Patrick\Desktop\UW_WorkSpace\Lab_Wk9\Debug\Obj\stm32f4xx_spi.o
#        C:\Users\Patrick\Desktop\UW_WorkSpace\Lab_Wk9\Debug\Obj\stm32f4xx_syscfg.o
#        C:\Users\Patrick\Desktop\UW_WorkSpace\Lab_Wk9\Debug\Obj\stm32f4xx_tim.o
#        C:\Users\Patrick\Desktop\UW_WorkSpace\Lab_Wk9\Debug\Obj\stm32f4xx_usart.o
#        C:\Users\Patrick\Desktop\UW_WorkSpace\Lab_Wk9\Debug\Obj\stm32f4xx_wwdg.o
#        C:\Users\Patrick\Desktop\UW_WorkSpace\Lab_Wk9\Debug\Obj\system_stm32f4xx.o
#        -o C:\Users\Patrick\Desktop\UW_WorkSpace\Lab_Wk9\Debug\Exe\Lab_Wk9.out
#        --redirect _Printf=_PrintfFull --redirect _Scanf=_ScanfFull --map
#        C:\Users\Patrick\Desktop\UW_WorkSpace\Lab_Wk9\Debug\List\Lab_Wk9.map
#        --config "C:\Program Files (x86)\IAR Systems\Embedded Workbench
#        7.5\arm\config\linker\ST\stm32f401xE.icf" --semihosting --entry
#        __iar_program_start --vfe
#
###############################################################################

*******************************************************************************
*** RUNTIME MODEL ATTRIBUTES
***

CppFlavor       = *
__SystemLibrary = DLib


*******************************************************************************
*** PLACEMENT SUMMARY
***

"A0":  place at 0x08000000 { ro section .intvec };
"P1":  place in [from 0x08000000 to 0x0807ffff] { ro };
"P2":  place in [from 0x20000000 to 0x20017fff] { rw, block CSTACK, block HEAP };
initialize by copy { rw };

  Section            Kind        Address    Size  Object
  -------            ----        -------    ----  ------
"A0":                                      0x194
  .intvec            ro code  0x08000000   0x194  startup_stm32f401xx.o [1]
                            - 0x08000194   0x194

"P1":                                      0xe24
  .text              ro code  0x08000194   0x282  hw_init.o [1]
  .text              ro code  0x08000418   0x158  stm32f4xx_rcc.o [1]
  .text              ro code  0x08000570    0xf8  stm32f4xx_gpio.o [1]
  .text              ro code  0x08000668    0xf8  stm32f4xx_usart.o [1]
  .text              ro code  0x08000760   0x178  stm32f4xx_dma.o [1]
  .text              ro code  0x080008d8    0x54  stm32f4xx_syscfg.o [1]
  .text              ro code  0x0800092c    0xb8  stm32f4xx_exti.o [1]
  .text              ro code  0x080009e4    0x80  misc.o [1]
  .text              ro code  0x08000a64   0x150  system_stm32f4xx.o [1]
  .rodata            const    0x08000bb4   0x13c  hw_init.o [1]
  .text              ro code  0x08000cf0    0x70  stm32f4xx_it.o [1]
  .text              ro code  0x08000d60    0x40  zero_init3.o [5]
  .text              ro code  0x08000da0    0x30  main.o [1]
  .text              ro code  0x08000dd0    0x2c  copy_init3.o [5]
  .text              ro code  0x08000dfc    0x28  data_init.o [5]
  .text              ro code  0x08000e24    0x22  fpinit_M.o [4]
  .iar.init_table    const    0x08000e48    0x24  - Linker created -
  .text              ro code  0x08000e6c    0x1a  cmain.o [5]
  .text              ro code  0x08000e86     0x4  low_level_init.o [3]
  .text              ro code  0x08000e8a     0x4  exit.o [3]
  .text              ro code  0x08000e90     0xa  cexit.o [5]
  .text              ro code  0x08000e9c    0x14  exit.o [6]
  Initializer bytes  const    0x08000eb0    0x14  <for P2-1>
  .text              ro code  0x08000ec4    0x10  startup_stm32f401xx.o [1]
  .text              ro code  0x08000ed4     0xc  cstartup_M.o [5]
  .text              ro code  0x08000ee0     0x4  startup_stm32f401xx.o [1]
  .text              ro code  0x08000ee4     0x4  startup_stm32f401xx.o [1]
  .text              ro code  0x08000ee8     0x4  startup_stm32f401xx.o [1]
  .text              ro code  0x08000eec     0x4  startup_stm32f401xx.o [1]
  .text              ro code  0x08000ef0     0x4  startup_stm32f401xx.o [1]
  .text              ro code  0x08000ef4     0x4  startup_stm32f401xx.o [1]
  .text              ro code  0x08000ef8     0x4  startup_stm32f401xx.o [1]
  .text              ro code  0x08000efc     0x4  startup_stm32f401xx.o [1]
  .text              ro code  0x08000f00     0x4  startup_stm32f401xx.o [1]
  .text              ro code  0x08000f04     0x4  startup_stm32f401xx.o [1]
  .text              ro code  0x08000f08     0x4  startup_stm32f401xx.o [1]
  .text              ro code  0x08000f0c     0x4  startup_stm32f401xx.o [1]
  .text              ro code  0x08000f10     0x4  startup_stm32f401xx.o [1]
  .text              ro code  0x08000f14     0x4  startup_stm32f401xx.o [1]
  .text              ro code  0x08000f18     0x4  startup_stm32f401xx.o [1]
  .text              ro code  0x08000f1c     0x4  startup_stm32f401xx.o [1]
  .text              ro code  0x08000f20     0x4  startup_stm32f401xx.o [1]
  .text              ro code  0x08000f24     0x4  startup_stm32f401xx.o [1]
  .text              ro code  0x08000f28     0x4  startup_stm32f401xx.o [1]
  .text              ro code  0x08000f2c     0x4  startup_stm32f401xx.o [1]
  .text              ro code  0x08000f30     0x4  startup_stm32f401xx.o [1]
  .text              ro code  0x08000f34     0x4  startup_stm32f401xx.o [1]
  .text              ro code  0x08000f38     0x4  startup_stm32f401xx.o [1]
  .text              ro code  0x08000f3c     0x4  startup_stm32f401xx.o [1]
  .text              ro code  0x08000f40     0x4  startup_stm32f401xx.o [1]
  .text              ro code  0x08000f44     0x4  startup_stm32f401xx.o [1]
  .text              ro code  0x08000f48     0x4  startup_stm32f401xx.o [1]
  .text              ro code  0x08000f4c     0x4  startup_stm32f401xx.o [1]
  .text              ro code  0x08000f50     0x4  startup_stm32f401xx.o [1]
  .text              ro code  0x08000f54     0x4  startup_stm32f401xx.o [1]
  .text              ro code  0x08000f58     0x4  startup_stm32f401xx.o [1]
  .text              ro code  0x08000f5c     0x4  startup_stm32f401xx.o [1]
  .text              ro code  0x08000f60     0x4  startup_stm32f401xx.o [1]
  .text              ro code  0x08000f64     0x4  startup_stm32f401xx.o [1]
  .text              ro code  0x08000f68     0x4  startup_stm32f401xx.o [1]
  .text              ro code  0x08000f6c     0x4  startup_stm32f401xx.o [1]
  .text              ro code  0x08000f70     0x4  startup_stm32f401xx.o [1]
  .text              ro code  0x08000f74     0x4  startup_stm32f401xx.o [1]
  .text              ro code  0x08000f78     0x4  startup_stm32f401xx.o [1]
  .text              ro code  0x08000f7c     0x4  startup_stm32f401xx.o [1]
  .text              ro code  0x08000f80     0x4  startup_stm32f401xx.o [1]
  .text              ro code  0x08000f84     0x4  startup_stm32f401xx.o [1]
  .text              ro code  0x08000f88     0x4  startup_stm32f401xx.o [1]
  .text              ro code  0x08000f8c     0x4  startup_stm32f401xx.o [1]
  .text              ro code  0x08000f90     0x4  startup_stm32f401xx.o [1]
  .text              ro code  0x08000f94     0x4  startup_stm32f401xx.o [1]
  .text              ro code  0x08000f98     0x4  startup_stm32f401xx.o [1]
  .text              ro code  0x08000f9c     0x4  startup_stm32f401xx.o [1]
  .text              ro code  0x08000fa0     0x4  startup_stm32f401xx.o [1]
  .text              ro code  0x08000fa4     0x4  startup_stm32f401xx.o [1]
  .text              ro code  0x08000fa8     0x4  startup_stm32f401xx.o [1]
  .text              ro code  0x08000fac     0x4  startup_stm32f401xx.o [1]
  .text              ro code  0x08000fb0     0x4  startup_stm32f401xx.o [1]
  .text              ro code  0x08000fb4     0x4  startup_stm32f401xx.o [1]
  .rodata            const    0x08000fb8     0x0  zero_init3.o [5]
  .rodata            const    0x08000fb8     0x0  copy_init3.o [5]
                            - 0x08000fb8   0xe24

"P2", part 1 of 3:                          0x14
  P2-1                        0x20000000    0x14  <Init block>
    .data            inited   0x20000000    0x10  stm32f4xx_rcc.o [1]
    .data            inited   0x20000010     0x4  system_stm32f4xx.o [1]
                            - 0x20000014    0x14

"P2", part 2 of 3:                        0x2000
  CSTACK                      0x20000018  0x2000  <Block>
    CSTACK           uninit   0x20000018  0x2000  <Block tail>
                            - 0x20002018  0x2000

"P2", part 3 of 3:                         0x140
  .bss               zero     0x20002018   0x13c  hw_init.o [1]
  .bss               zero     0x20002154     0x1  main.o [1]
                            - 0x20002155   0x13d


*******************************************************************************
*** INIT TABLE
***

          Address     Size
          -------     ----
Zero (__iar_zero_init3)
    1 destination range, total size 0x13d:
          0x20002018  0x13d

Copy (__iar_copy_init3)
    1 source range, total size 0x14:
          0x08000eb0   0x14
    1 destination range, total size 0x14:
          0x20000000   0x14



*******************************************************************************
*** MODULE SUMMARY
***

    Module                 ro code  ro data  rw data
    ------                 -------  -------  -------
C:\Users\Patrick\Desktop\UW_WorkSpace\Lab_Wk9\Debug\Obj: [1]
    hw_init.o                  642      316      316
    main.o                      48                 1
    misc.o                     128
    startup_stm32f401xx.o      636
    stm32f4xx_dma.o            376
    stm32f4xx_exti.o           184
    stm32f4xx_gpio.o           248
    stm32f4xx_it.o             112
    stm32f4xx_rcc.o            344       16       16
    stm32f4xx_syscfg.o          84
    stm32f4xx_usart.o          248
    system_stm32f4xx.o         336        4        4
    ------------------------------------------------
    Total:                   3 386      336      337

command line: [2]
    ------------------------------------------------
    Total:

dl7M_tln.a: [3]
    exit.o                       4
    low_level_init.o             4
    ------------------------------------------------
    Total:                       8

m7M_tls.a: [4]
    fpinit_M.o                  34
    ------------------------------------------------
    Total:                      34

rt7M_tl.a: [5]
    cexit.o                     10
    cmain.o                     26
    copy_init3.o                44
    cstartup_M.o                12
    data_init.o                 40
    zero_init3.o                64
    ------------------------------------------------
    Total:                     196

shb_l.a: [6]
    exit.o                      20
    ------------------------------------------------
    Total:                      20

    Gaps                         6        2
    Linker created                       36    8 192
----------------------------------------------------
    Grand Total:             3 650      374    8 529


*******************************************************************************
*** ENTRY LIST
***

Entry                      Address   Size  Type      Object
-----                      -------   ----  ----      ------
.iar.init_table$$Base   0x08000e48          --   Gb  - Linker created -
.iar.init_table$$Limit  0x08000e6c          --   Gb  - Linker created -
?main                   0x08000e6d         Code  Gb  cmain.o [5]
APBAHBPrescTable        0x20000000   0x10  Data  Lc  stm32f4xx_rcc.o [1]
BusFault_Handler        0x08000cf7    0x2  Code  Gb  stm32f4xx_it.o [1]
Button                  0x20002154    0x1  Data  Gb  main.o [1]
CSTACK$$Base            0x20000018          --   Gb  - Linker created -
CSTACK$$Limit           0x20002018          --   Gb  - Linker created -
DMA1_Stream6_IRQHandler
                        0x08000d21   0x2a  Code  Gb  stm32f4xx_it.o [1]
DMA_ClearITPendingBit   0x0800089f   0x20  Code  Gb  stm32f4xx_dma.o [1]
DMA_Cmd                 0x080007f3   0x1a  Code  Gb  stm32f4xx_dma.o [1]
DMA_GetITStatus         0x0800084d   0x52  Code  Gb  stm32f4xx_dma.o [1]
DMA_ITConfig            0x0800080d   0x40  Code  Gb  stm32f4xx_dma.o [1]
DMA_Init                0x08000761   0x54  Code  Gb  stm32f4xx_dma.o [1]
DMA_StructInit          0x080007b5   0x3e  Code  Gb  stm32f4xx_dma.o [1]
DebugMon_Handler        0x08000cfd    0x2  Code  Gb  stm32f4xx_it.o [1]
EXTI15_10_IRQHandler    0x08000d03   0x1e  Code  Gb  stm32f4xx_it.o [1]
EXTI_ClearITPendingBit  0x080009c9    0x6  Code  Gb  stm32f4xx_exti.o [1]
EXTI_GetITStatus        0x080009b3   0x16  Code  Gb  stm32f4xx_exti.o [1]
EXTI_Init               0x0800092d   0x86  Code  Gb  stm32f4xx_exti.o [1]
GPIO_Init               0x08000571   0xa4  Code  Gb  stm32f4xx_gpio.o [1]
GPIO_PinAFConfig        0x08000619   0x50  Code  Gb  stm32f4xx_gpio.o [1]
GPIO_SetBits            0x08000615    0x4  Code  Gb  stm32f4xx_gpio.o [1]
HardFault_Handler       0x08000cf3    0x2  Code  Gb  stm32f4xx_it.o [1]
Hw_init                 0x080001e5   0x28  Code  Gb  hw_init.o [1]
MemManage_Handler       0x08000cf5    0x2  Code  Gb  stm32f4xx_it.o [1]
NMI_Handler             0x08000cf1    0x2  Code  Gb  stm32f4xx_it.o [1]
NVIC_Init               0x080009ef   0x60  Code  Gb  misc.o [1]
NVIC_PriorityGroupConfig
                        0x080009e5    0xa  Code  Gb  misc.o [1]
NVIC_SetPriority        0x08000195   0x22  Code  Lc  hw_init.o [1]
PendSV_Handler          0x08000cff    0x2  Code  Gb  stm32f4xx_it.o [1]
RCC_AHB1PeriphClockCmd  0x080004f1   0x20  Code  Gb  stm32f4xx_rcc.o [1]
RCC_APB1PeriphClockCmd  0x08000511   0x20  Code  Gb  stm32f4xx_rcc.o [1]
RCC_APB2PeriphClockCmd  0x08000531   0x20  Code  Gb  stm32f4xx_rcc.o [1]
RCC_GetClocksFreq       0x08000419   0xd8  Code  Gb  stm32f4xx_rcc.o [1]
Region$$Table$$Base     0x08000e48          --   Gb  - Linker created -
Region$$Table$$Limit    0x08000e6c          --   Gb  - Linker created -
RxBuffer                0x20002018  0x13c  Data  Gb  hw_init.o [1]
SVC_Handler             0x08000cfb    0x2  Code  Gb  stm32f4xx_it.o [1]
SYSCFG_EXTILineConfig   0x080008d9   0x4e  Code  Gb  stm32f4xx_syscfg.o [1]
SetSysClock             0x08000ab7   0xca  Code  Lc  system_stm32f4xx.o [1]
SysTick_Config          0x080001b7   0x2e  Code  Lc  hw_init.o [1]
SysTick_Handler         0x08000d01    0x2  Code  Gb  stm32f4xx_it.o [1]
SystemCoreClock         0x20000010    0x4  Data  Gb  system_stm32f4xx.o [1]
SystemInit              0x08000a65   0x52  Code  Gb  system_stm32f4xx.o [1]
USART_Cmd               0x0800072d   0x1c  Code  Gb  stm32f4xx_usart.o [1]
USART_DMACmd            0x08000749   0x18  Code  Gb  stm32f4xx_usart.o [1]
USART_Init              0x08000669   0xb6  Code  Gb  stm32f4xx_usart.o [1]
UsageFault_Handler      0x08000cf9    0x2  Code  Gb  stm32f4xx_it.o [1]
__cmain                 0x08000e6d         Code  Gb  cmain.o [5]
__exit                  0x08000e9d   0x14  Code  Gb  exit.o [6]
__iar_copy_init3        0x08000dd1   0x2c  Code  Gb  copy_init3.o [5]
__iar_data_init3        0x08000dfd   0x28  Code  Gb  data_init.o [5]
__iar_init_vfp          0x08000e25         Code  Gb  fpinit_M.o [4]
__iar_program_start     0x08000ed5         Code  Gb  cstartup_M.o [5]
__iar_zero_init3        0x08000d61   0x40  Code  Gb  zero_init3.o [5]
__low_level_init        0x08000e87    0x4  Code  Gb  low_level_init.o [3]
__vector_table          0x08000000         Data  Gb  startup_stm32f401xx.o [1]
_call_main              0x08000e79         Code  Gb  cmain.o [5]
_exit                   0x08000e91         Code  Gb  cexit.o [5]
_main                   0x08000e83         Code  Gb  cmain.o [5]
exit                    0x08000e8b    0x4  Code  Gb  exit.o [3]
hw_dma_init             0x080002dd   0x84  Code  Gb  hw_init.o [1]
hw_exti_init            0x08000399   0x36  Code  Gb  hw_init.o [1]
hw_gpio_init            0x0800020d   0x8a  Code  Gb  hw_init.o [1]
hw_nvic_init            0x080003cf   0x48  Code  Gb  hw_init.o [1]
hw_uart_init            0x08000297   0x46  Code  Gb  hw_init.o [1]
main                    0x08000da1   0x24  Code  Gb  main.o [1]
text                    0x08000bb4  0x13c  Data  Gb  hw_init.o [1]


[1] = C:\Users\Patrick\Desktop\UW_WorkSpace\Lab_Wk9\Debug\Obj
[2] = command line
[3] = dl7M_tln.a
[4] = m7M_tls.a
[5] = rt7M_tl.a
[6] = shb_l.a

  3 650 bytes of readonly  code memory
    374 bytes of readonly  data memory
  8 529 bytes of readwrite data memory

Errors: none
Warnings: none
