###############################################################################
#
# IAR ELF Linker V7.70.2.11706/W32 for ARM                07/Nov/2016  22:58:26
# Copyright 2007-2016 IAR Systems AB.
#
#    Output file  =  
#        C:\Users\Patrick\Desktop\UW_WorkSpace\bsort\Debug\Exe\Lab_Wk3.out
#    Map file     =  
#        C:\Users\Patrick\Desktop\UW_WorkSpace\bsort\Debug\List\Lab_Wk3.map
#    Command line =  
#        C:\Users\Patrick\Desktop\UW_WorkSpace\bsort\Debug\Obj\bsort.o
#        C:\Users\Patrick\Desktop\UW_WorkSpace\bsort\Debug\Obj\hw_init.o
#        C:\Users\Patrick\Desktop\UW_WorkSpace\bsort\Debug\Obj\interrupt.o
#        C:\Users\Patrick\Desktop\UW_WorkSpace\bsort\Debug\Obj\lab1_a.o
#        C:\Users\Patrick\Desktop\UW_WorkSpace\bsort\Debug\Obj\main.o
#        C:\Users\Patrick\Desktop\UW_WorkSpace\bsort\Debug\Obj\misc.o
#        C:\Users\Patrick\Desktop\UW_WorkSpace\bsort\Debug\Obj\print.o
#        C:\Users\Patrick\Desktop\UW_WorkSpace\bsort\Debug\Obj\startup_stm32f401xx.o
#        C:\Users\Patrick\Desktop\UW_WorkSpace\bsort\Debug\Obj\stm32f4xx_gpio.o
#        C:\Users\Patrick\Desktop\UW_WorkSpace\bsort\Debug\Obj\stm32f4xx_rcc.o
#        C:\Users\Patrick\Desktop\UW_WorkSpace\bsort\Debug\Obj\stm32f4xx_usart.o
#        -o C:\Users\Patrick\Desktop\UW_WorkSpace\bsort\Debug\Exe\Lab_Wk3.out
#        --redirect _Printf=_PrintfFull --redirect _Scanf=_ScanfFull --map
#        C:\Users\Patrick\Desktop\UW_WorkSpace\bsort\Debug\List\Lab_Wk3.map
#        --config "C:\Program Files (x86)\IAR Systems\Embedded Workbench
#        7.5\arm\config\linker\ST\stm32f401xE.icf" --semihosting --entry
#        __iar_program_start --vfe
#
###############################################################################

*******************************************************************************
*** RUNTIME MODEL ATTRIBUTES
***

CppFlavor       = *
__SystemLibrary = DLib


*******************************************************************************
*** PLACEMENT SUMMARY
***

"A0":  place at 0x08000000 { ro section .intvec };
"P1":  place in [from 0x08000000 to 0x0807ffff] { ro };
"P2":  place in [from 0x20000000 to 0x20017fff] { rw, block CSTACK, block HEAP };
initialize by copy { rw };

  Section            Kind        Address    Size  Object
  -------            ----        -------    ----  ------
"A0":                                      0x194
  .intvec            ro code  0x08000000   0x194  startup_stm32f401xx.o [1]
                            - 0x08000194   0x194

"P1":                                     0x22e4
  .text              ro code  0x08000194   0xdca  xprintffull.o [3]
  .text              ro code  0x08000f5e    0x1a  xsnprout.o [3]
  .text              ro code  0x08000f78    0x16  strchr.o [5]
  .text              ro code  0x08000f90    0x36  strlen.o [5]
  .text              ro code  0x08000fc8    0x58  memchr.o [5]
  .text              ro code  0x08001020    0xee  I64DivMod.o [5]
  .text              ro code  0x08001110    0x76  ABImemcpy_unaligned.o [5]
  .text              ro code  0x08001186    0x44  xdnorm.o [4]
  .text              ro code  0x080011cc    0x2e  DblCmpLe.o [4]
  .text              ro code  0x080011fc    0x2e  DblCmpGe.o [4]
  .text              ro code  0x0800122c   0x10c  xdscale.o [4]
  .text              ro code  0x08001338    0x58  DblToI32.o [4]
  .text              ro code  0x08001390    0x30  I32ToDbl.o [4]
  .text              ro code  0x080013c0   0x180  DblSub.o [4]
  .text              ro code  0x08001540   0x1a2  DblMul.o [4]
  .text              ro code  0x080016e4   0x256  DblDiv.o [4]
  .text              ro code  0x0800193a     0xe  div.o [3]
  .text              ro code  0x08001948     0x2  I64DivZer.o [5]
  .text              ro code  0x0800194c    0xd4  DblAdd.o [4]
  .text              ro code  0x08001a20   0x1b8  stm32f4xx_usart.o [1]
  .text              ro code  0x08001bd8   0x134  stm32f4xx_rcc.o [1]
  .text              ro code  0x08001d0c   0x16c  hw_init.o [1]
  .text              ro code  0x08001e78    0xf4  stm32f4xx_gpio.o [1]
  .text              ro code  0x08001f6c    0xb8  main.o [1]
  .text              ro code  0x08002024    0x88  print.o [1]
  .text              ro code  0x080020ac    0x44  snprintf.o [3]
  .text              ro code  0x080020f0    0x52  bsort.o [1]
  .text              ro code  0x08002144    0x68  interrupt.o [1]
  .text              ro code  0x080021ac    0x40  zero_init3.o [5]
  Initializer bytes  const    0x080021ec    0x3c  <for P2-1>
  .rodata            const    0x08002228    0x2c  main.o [1]
  .text              ro code  0x08002254    0x2c  copy_init3.o [5]
  .text              ro code  0x08002280    0x28  data_init.o [5]
  .iar.init_table    const    0x080022a8    0x24  - Linker created -
  .rodata            const    0x080022cc    0x20  main.o [1]
  .text              ro code  0x080022ec    0x1a  cmain.o [5]
  .text              ro code  0x08002306     0x4  low_level_init.o [3]
  .text              ro code  0x0800230a     0x4  exit.o [3]
  .text              ro code  0x08002310     0xa  cexit.o [5]
  .text              ro code  0x0800231c    0x14  exit.o [6]
  .rodata            const    0x08002330    0x18  main.o [1]
  .rodata            const    0x08002348    0x18  main.o [1]
  .text              ro code  0x08002360    0x10  startup_stm32f401xx.o [1]
  .rodata            const    0x08002370     0xc  main.o [1]
  .rodata            const    0x0800237c     0xc  main.o [1]
  .text              ro code  0x08002388     0xc  cstartup_M.o [5]
  .rodata            const    0x08002394     0x8  main.o [1]
  .text              ro code  0x0800239c     0x4  startup_stm32f401xx.o [1]
  .text              ro code  0x080023a0     0x4  startup_stm32f401xx.o [1]
  .text              ro code  0x080023a4     0x4  startup_stm32f401xx.o [1]
  .text              ro code  0x080023a8     0x4  startup_stm32f401xx.o [1]
  .text              ro code  0x080023ac     0x4  startup_stm32f401xx.o [1]
  .text              ro code  0x080023b0     0x4  startup_stm32f401xx.o [1]
  .text              ro code  0x080023b4     0x4  startup_stm32f401xx.o [1]
  .text              ro code  0x080023b8     0x4  startup_stm32f401xx.o [1]
  .text              ro code  0x080023bc     0x4  startup_stm32f401xx.o [1]
  .text              ro code  0x080023c0     0x4  startup_stm32f401xx.o [1]
  .text              ro code  0x080023c4     0x4  startup_stm32f401xx.o [1]
  .text              ro code  0x080023c8     0x4  startup_stm32f401xx.o [1]
  .text              ro code  0x080023cc     0x4  startup_stm32f401xx.o [1]
  .text              ro code  0x080023d0     0x4  startup_stm32f401xx.o [1]
  .text              ro code  0x080023d4     0x4  startup_stm32f401xx.o [1]
  .text              ro code  0x080023d8     0x4  startup_stm32f401xx.o [1]
  .text              ro code  0x080023dc     0x4  startup_stm32f401xx.o [1]
  .text              ro code  0x080023e0     0x4  startup_stm32f401xx.o [1]
  .text              ro code  0x080023e4     0x4  startup_stm32f401xx.o [1]
  .text              ro code  0x080023e8     0x4  startup_stm32f401xx.o [1]
  .text              ro code  0x080023ec     0x4  startup_stm32f401xx.o [1]
  .text              ro code  0x080023f0     0x4  startup_stm32f401xx.o [1]
  .text              ro code  0x080023f4     0x4  startup_stm32f401xx.o [1]
  .text              ro code  0x080023f8     0x4  startup_stm32f401xx.o [1]
  .text              ro code  0x080023fc     0x4  startup_stm32f401xx.o [1]
  .text              ro code  0x08002400     0x4  startup_stm32f401xx.o [1]
  .text              ro code  0x08002404     0x4  startup_stm32f401xx.o [1]
  .text              ro code  0x08002408     0x4  startup_stm32f401xx.o [1]
  .text              ro code  0x0800240c     0x4  startup_stm32f401xx.o [1]
  .text              ro code  0x08002410     0x4  startup_stm32f401xx.o [1]
  .text              ro code  0x08002414     0x4  startup_stm32f401xx.o [1]
  .text              ro code  0x08002418     0x4  startup_stm32f401xx.o [1]
  .text              ro code  0x0800241c     0x4  startup_stm32f401xx.o [1]
  .text              ro code  0x08002420     0x4  startup_stm32f401xx.o [1]
  .text              ro code  0x08002424     0x4  startup_stm32f401xx.o [1]
  .text              ro code  0x08002428     0x4  startup_stm32f401xx.o [1]
  .text              ro code  0x0800242c     0x4  startup_stm32f401xx.o [1]
  .text              ro code  0x08002430     0x4  startup_stm32f401xx.o [1]
  .text              ro code  0x08002434     0x4  startup_stm32f401xx.o [1]
  .text              ro code  0x08002438     0x4  startup_stm32f401xx.o [1]
  .text              ro code  0x0800243c     0x4  startup_stm32f401xx.o [1]
  .text              ro code  0x08002440     0x4  startup_stm32f401xx.o [1]
  .text              ro code  0x08002444     0x4  startup_stm32f401xx.o [1]
  .text              ro code  0x08002448     0x4  startup_stm32f401xx.o [1]
  .text              ro code  0x0800244c     0x4  startup_stm32f401xx.o [1]
  .text              ro code  0x08002450     0x4  startup_stm32f401xx.o [1]
  .text              ro code  0x08002454     0x4  startup_stm32f401xx.o [1]
  .text              ro code  0x08002458     0x4  startup_stm32f401xx.o [1]
  .text              ro code  0x0800245c     0x4  startup_stm32f401xx.o [1]
  .text              ro code  0x08002460     0x4  startup_stm32f401xx.o [1]
  .text              ro code  0x08002464     0x4  startup_stm32f401xx.o [1]
  .text              ro code  0x08002468     0x4  startup_stm32f401xx.o [1]
  .text              ro code  0x0800246c     0x4  startup_stm32f401xx.o [1]
  .text              ro code  0x08002470     0x4  startup_stm32f401xx.o [1]
  .text              ro code  0x08002474     0x4  startup_stm32f401xx.o [1]
  .rodata            const    0x08002478     0x0  zero_init3.o [5]
  .rodata            const    0x08002478     0x0  copy_init3.o [5]
                            - 0x08002478  0x22e4

"P2", part 1 of 3:                          0x3c
  P2-1                        0x20000000    0x3c  <Init block>
    .data            inited   0x20000000     0x8  main.o [1]
    .data            inited   0x20000008    0x24  main.o [1]
    .data            inited   0x2000002c    0x10  stm32f4xx_rcc.o [1]
                            - 0x2000003c    0x3c

"P2", part 2 of 3:                        0x2000
  CSTACK                      0x20000040  0x2000  <Block>
    CSTACK           uninit   0x20000040  0x2000  <Block tail>
                            - 0x20002040  0x2000

"P2", part 3 of 3:                         0x118
  .bss               zero     0x20002040   0x100  main.o [1]
  .bss               zero     0x20002140    0x14  print.o [1]
  .bss               zero     0x20002154     0x4  main.o [1]
                            - 0x20002158   0x118


*******************************************************************************
*** INIT TABLE
***

          Address     Size
          -------     ----
Zero (__iar_zero_init3)
    1 destination range, total size 0x118:
          0x20002040  0x118

Copy (__iar_copy_init3)
    1 source range, total size 0x3c:
          0x080021ec   0x3c
    1 destination range, total size 0x3c:
          0x20000000   0x3c



*******************************************************************************
*** MODULE SUMMARY
***

    Module                 ro code  ro data  rw data
    ------                 -------  -------  -------
C:\Users\Patrick\Desktop\UW_WorkSpace\bsort\Debug\Obj: [1]
    bsort.o                     82
    hw_init.o                  364
    interrupt.o                104
    main.o                     184      200      304
    print.o                    136                20
    startup_stm32f401xx.o      640
    stm32f4xx_gpio.o           244
    stm32f4xx_rcc.o            308       16       16
    stm32f4xx_usart.o          440
    ------------------------------------------------
    Total:                   2 502      216      340

command line: [2]
    ------------------------------------------------
    Total:

dl7M_tln.a: [3]
    div.o                       14
    exit.o                       4
    low_level_init.o             4
    snprintf.o                  68
    xprintffull.o            3 530
    xsnprout.o                  26
    ------------------------------------------------
    Total:                   3 646

m7M_tl.a: [4]
    DblAdd.o                   212
    DblCmpGe.o                  46
    DblCmpLe.o                  46
    DblDiv.o                   598
    DblMul.o                   418
    DblSub.o                   384
    DblToI32.o                  88
    I32ToDbl.o                  48
    xdnorm.o                    68
    xdscale.o                  268
    ------------------------------------------------
    Total:                   2 176

rt7M_tl.a: [5]
    ABImemcpy_unaligned.o      118
    I64DivMod.o                238
    I64DivZer.o                  2
    cexit.o                     10
    cmain.o                     26
    copy_init3.o                44
    cstartup_M.o                12
    data_init.o                 40
    memchr.o                    88
    strchr.o                    22
    strlen.o                    54
    zero_init3.o                64
    ------------------------------------------------
    Total:                     718

shb_l.a: [6]
    exit.o                      20
    ------------------------------------------------
    Total:                      20

    Gaps                        22
    Linker created                       36    8 192
----------------------------------------------------
    Grand Total:             9 084      252    8 532


*******************************************************************************
*** ENTRY LIST
***

Entry                      Address   Size  Type      Object
-----                      -------   ----  ----      ------
.iar.init_table$$Base   0x080022a8          --   Gb  - Linker created -
.iar.init_table$$Limit  0x080022cc          --   Gb  - Linker created -
?main                   0x080022ed         Code  Gb  cmain.o [5]
APBAHBPrescTable        0x2000002c   0x10  Data  Lc  stm32f4xx_rcc.o [1]
BubbleSort              0x080020f1         Code  Gb  bsort.o [1]
BusFault_Handler        0x0800214f    0x2  Code  Gb  interrupt.o [1]
CSTACK$$Base            0x20000040          --   Gb  - Linker created -
CSTACK$$Limit           0x20002040          --   Gb  - Linker created -
DebugMon_Handler        0x08002155    0x2  Code  Gb  interrupt.o [1]
GPIO_Init               0x08001e79   0xa4  Code  Gb  stm32f4xx_gpio.o [1]
GPIO_PinAFConfig        0x08001f1d   0x50  Code  Gb  stm32f4xx_gpio.o [1]
HardFault_Handler       0x08002149    0x4  Code  Gb  interrupt.o [1]
Hw_init                 0x08001d5d   0x18  Code  Gb  hw_init.o [1]
LoadInt                 0x08000735   0x6e  Code  Lc  xprintffull.o [3]
MemManage_Handler       0x0800214d    0x2  Code  Gb  interrupt.o [1]
NMI_Handler             0x08002145    0x2  Code  Gb  interrupt.o [1]
NVIC_SetPriority        0x08001d0d   0x22  Code  Lc  hw_init.o [1]
PendSV_Handler          0x08002157    0x2  Code  Gb  interrupt.o [1]
PrintByte               0x08002085   0x1c  Code  Gb  print.o [1]
PrintString             0x0800204f   0x36  Code  Gb  print.o [1]
Print_uint32            0x08002025   0x2a  Code  Gb  print.o [1]
RCC_AHB1PeriphClockCmd  0x08001cb1   0x20  Code  Gb  stm32f4xx_rcc.o [1]
RCC_APB1PeriphClockCmd  0x08001cd1   0x20  Code  Gb  stm32f4xx_rcc.o [1]
RCC_GetClocksFreq       0x08001bd9   0xd8  Code  Gb  stm32f4xx_rcc.o [1]
Region$$Table$$Base     0x080022a8          --   Gb  - Linker created -
Region$$Table$$Limit    0x080022cc          --   Gb  - Linker created -
SVC_Handler             0x08002153    0x2  Code  Gb  interrupt.o [1]
SysTick_Config          0x08001d2f   0x2e  Code  Lc  hw_init.o [1]
SysTick_Handler         0x08002159   0x14  Code  Gb  interrupt.o [1]
SystemInit              0x08002021    0x4  Code  Gb  main.o [1]
USART2_IRQHandler       0x0800216d   0x38  Code  Gb  interrupt.o [1]
USART_Cmd               0x08001ae5   0x1c  Code  Gb  stm32f4xx_usart.o [1]
USART_GetFlagStatus     0x08001b5b   0x1a  Code  Gb  stm32f4xx_usart.o [1]
USART_GetITStatus       0x08001b75   0x64  Code  Gb  stm32f4xx_usart.o [1]
USART_ITConfig          0x08001b09   0x52  Code  Gb  stm32f4xx_usart.o [1]
USART_Init              0x08001a21   0xb6  Code  Gb  stm32f4xx_usart.o [1]
USART_SendData          0x08001b01    0x8  Code  Gb  stm32f4xx_usart.o [1]
UsageFault_Handler      0x08002151    0x2  Code  Gb  interrupt.o [1]
_GenldFull              0x08000cad  0x26a  Code  Lc  xprintffull.o [3]
_LdtobFull              0x080008ad  0x3fa  Code  Lc  xprintffull.o [3]
_LitobFull              0x080007a3  0x10a  Code  Lc  xprintffull.o [3]
_PrintfFull             0x08000195  0x59a  Code  Gb  xprintffull.o [3]
_PutcharsFull           0x08000f17   0x2e  Code  Lc  xprintffull.o [3]
_SNProut                0x08000f5f   0x1a  Code  Gb  xsnprout.o [3]
__aeabi_cdcmple         0x080011cd         Code  Gb  DblCmpLe.o [4]
__aeabi_cdrcmple        0x080011fd         Code  Gb  DblCmpGe.o [4]
__aeabi_d2iz            0x08001339         Code  Gb  DblToI32.o [4]
__aeabi_d2uiz           0x08001365         Code  Gb  DblToI32.o [4]
__aeabi_ddiv            0x080016e5         Code  Gb  DblDiv.o [4]
__aeabi_dmul            0x08001541         Code  Gb  DblMul.o [4]
__aeabi_dsub            0x080013c1         Code  Gb  DblSub.o [4]
__aeabi_i2d             0x08001391         Code  Gb  I32ToDbl.o [4]
__aeabi_ldiv0           0x08001949         Code  Gb  I64DivZer.o [5]
__aeabi_ui2d            0x080013a5         Code  Gb  I32ToDbl.o [4]
__aeabi_uldivmod        0x08001021         Code  Gb  I64DivMod.o [5]
__cmain                 0x080022ed         Code  Gb  cmain.o [5]
__exit                  0x0800231d   0x14  Code  Gb  exit.o [6]
__iar_Dnorm             0x08001187   0x44  Code  Gb  xdnorm.o [4]
__iar_Dscale            0x0800122d  0x10c  Code  Gb  xdscale.o [4]
__iar_Memchr            0x08000fc9         Code  Gb  memchr.o [5]
__iar_Strchr            0x08000f79         Code  Gb  strchr.o [5]
__iar_copy_init3        0x08002255   0x2c  Code  Gb  copy_init3.o [5]
__iar_d2uiz             0x08001371         Code  Gb  DblToI32.o [4]
__iar_dadd              0x0800194d         Code  Gb  DblAdd.o [4]
__iar_data_init3        0x08002281   0x28  Code  Gb  data_init.o [5]
__iar_dsub              0x080013d5         Code  Gb  DblSub.o [4]
__iar_dsubStart         0x080013e7         Code  Gb  DblSub.o [4]
__iar_program_start     0x08002389         Code  Gb  cstartup_M.o [5]
__iar_ui2d              0x080013a9         Code  Gb  I32ToDbl.o [4]
__iar_unaligned___aeabi_memcpy
                        0x08001111         Code  Gb  ABImemcpy_unaligned.o [5]
__iar_unaligned___aeabi_memcpy4
                        0x08001131         Code  Gb  ABImemcpy_unaligned.o [5]
__iar_unaligned___aeabi_memcpy8
                        0x08001131         Code  Gb  ABImemcpy_unaligned.o [5]
__iar_zero_init3        0x080021ad   0x40  Code  Gb  zero_init3.o [5]
__low_level_init        0x08002307    0x4  Code  Gb  low_level_init.o [3]
__vector_table          0x08000000         Data  Gb  startup_stm32f401xx.o [1]
_call_main              0x080022f9         Code  Gb  cmain.o [5]
_exit                   0x08002311         Code  Gb  cexit.o [5]
_main                   0x08002303         Code  Gb  cmain.o [5]
array                   0x20000008   0x24  Data  Gb  main.o [1]
buffer                  0x20002140   0x14  Data  Gb  print.o [1]
clr_scrn                0x20000000    0x8  Data  Gb  main.o [1]
div                     0x0800193b    0xe  Code  Gb  div.o [3]
exit                    0x0800230b    0x4  Code  Gb  exit.o [3]
hw_gpio_init            0x08001d9b   0x70  Code  Gb  hw_init.o [1]
hw_system_clock         0x08001d75   0x26  Code  Gb  hw_init.o [1]
hw_uart_init            0x08001e0b   0x46  Code  Gb  hw_init.o [1]
main                    0x08001f6d   0x86  Code  Gb  main.o [1]
memchr                  0x08000fc9         Code  Gb  memchr.o [5]
snprintf                0x080020ad   0x44  Code  Gb  snprintf.o [3]
strchr                  0x08000f79         Code  Gb  strchr.o [5]
stringbuffer            0x20002040  0x100  Data  Gb  main.o [1]
strlen                  0x08000f91         Code  Gb  strlen.o [5]
timer                   0x20002154    0x4  Data  Gb  main.o [1]


[1] = C:\Users\Patrick\Desktop\UW_WorkSpace\bsort\Debug\Obj
[2] = command line
[3] = dl7M_tln.a
[4] = m7M_tl.a
[5] = rt7M_tl.a
[6] = shb_l.a

  9 084 bytes of readonly  code memory
    252 bytes of readonly  data memory
  8 532 bytes of readwrite data memory

Errors: none
Warnings: none
